class a1 {
    data: string[] = ["a", "b", "c", "d", "e"];
    public e1(): number {
        return this.data.length;
    }
    public getData(x1: number): string {
        return this.data[x1];
    }
}
class b1 {
    create(s1: string, t1: any, u1: any, v1: any, w1: any): void { }
    ;
}
let c1: b1 = new b1();
class d1 {
    constructor(q1, r1) {
        this.source = new a1();
        this.f1(q1);
    }
    f1(p1) {
        if (p1.source !== undefined) {
            this.source = p1.source;
        }
    }
    g1() { }
    ;
    private source: a1;
    h1() {
        this.g1();
        {
            const e1 = (k1, l1?: number) => {
                const m1 = k1;
                {
                    const n1 = () => {
                    };
                    n1();
                }
            };
            const f1 = (i1: string, j1?: number) => j1?.toString() + i1;
            c1.create("1", this, this.source, e1, f1);
        }
    }
}
