/*
 * Copyright (c) 2024 Huawei Device Co., Ltd.
 * Licensed under the Apache License, Version 2.0 (the "License");
 * you may not use this file except in compliance with the License.
 * You may obtain a copy of the License at
 *
 *     http://www.apache.org/licenses/LICENSE-2.0
 *
 * Unless required by applicable law or agreed to in writing, software
 * distributed under the License is distributed on an "AS IS" BASIS,
 * WITHOUT WARRANTIES OR CONDITIONS OF ANY KIND, either express or implied.
 * See the License for the specific language governing permissions and
 * limitations under the License.
 */
import q from 'assert';
function k1() {
    return { Propx1: 1, Propy1: 2 };
}
const { Propx1: q1, Propy1: r1 } = k1();
q(q1 === 1, 'success');
q(r1 === 2, 'success');
// let Propx2 =3;
// let Propy3 =4;
// let Propy4 =5;
const { Propx2: s1, Obj: { Propy3: z1, Propy4: a2 } } = { Propx2: 2, Obj: { Propy3: 3, Propy4: 4 } };
q(s1 === 2, 'success');
q(z1 === 3, 'success');
q(a2 === 4, 'success');
const { ...b2 } = { prop1: 1, prop2: 2 };
q(b2.prop1 === 1, 'success');
q(b2.prop2 === 2, 'success');
const { prop3: c2, ...d2 } = { prop3: 3, prop4: 4 };
q(c2 === 3, 'success');
q(d2.prop4 === 4, 'success');
let e2 = 'hello';
let f2 = { name11: e2 };
