/*
 * Copyright (c) 2024 Huawei Device Co., Ltd.
 * Licensed under the Apache License, Version 2.0 (the "License");
 * you may not use this file except in compliance with the License.
 * You may obtain a copy of the License at
 *
 *     http://www.apache.org/licenses/LICENSE-2.0
 *
 * Unless required by applicable law or agreed to in writing, software
 * distributed under the License is distributed on an "AS IS" BASIS,
 * WITHOUT WARRANTIES OR CONDITIONS OF ANY KIND, either express or implied.
 * See the License for the specific language governing permissions and
 * limitations under the License.
 */
import a from 'assert';
interface b {
    i1P1: number;
    i1P2(): void;
}
interface c extends b {
    i2P1: string;
}
class d {
    public foo(m: any) { return m; }
    private x = 1;
}
interface e extends d {
    other(x: any): any;
}
class f {
    public foo(l: any) { return l; }
    private x = 1;
}
class g {
    public foo1(k: any) { return k; }
    private x1 = 1;
}
class h {
    public foo2(j: any) { return j; }
    private x2 = 1;
}
interface i extends f, g, h {
    other(x: any): any;
}
