/*
 * Copyright (c) 2024 Huawei Device Co., Ltd.
 * Licensed under the Apache License, Version 2.0 (the "License");
 * you may not use this file except in compliance with the License.
 * You may obtain a copy of the License at
 *
 *     http://www.apache.org/licenses/LICENSE-2.0
 *
 * Unless required by applicable law or agreed to in writing, software
 * distributed under the License is distributed on an "AS IS" BASIS,
 * WITHOUT WARRANTIES OR CONDITIONS OF ANY KIND, either express or implied.
 * See the License for the specific language governing permissions and
 * limitations under the License.
 */
module g {
    export module u {
        export interface v {
        }
    }
    export interface u {
    }
}
module h {
    export module q {
        export class t {
        }
    }
}
var c: h.q.t = new h.q.t();
module i {
    export namespace m {
        export module o {
            export interface p {
            }
        }
    }
}
type h = number;
declare const j: number;
declare namespace k {
    export { l };
}
export {};
