/*
 * Copyright (c) 2023 Huawei Device Co., Ltd.
 * Licensed under the Apache License, Version 2.0 (the "License");
 * you may not use this file except in compliance with the License.
 * You may obtain a copy of the License at
 *
 *     http://www.apache.org/licenses/LICENSE-2.0
 *
 * Unless required by applicable law or agreed to in writing, software
 * distributed under the License is distributed on an "AS IS" BASIS,
 * WITHOUT WARRANTIES OR CONDITIONS OF ANY KIND, either express or implied.
 * See the License for the specific language governing permissions and
 * limitations under the License.
 */
import { j, h } from './export_obfuscation_1';
let e2 = new j();
const f2: string = e2.name;
const g2: number = e2.g;
h(1, 2);
export function c2(): void {
    return;
}
export function d2(): void {
    return;
}
