/*
 * Copyright (c) 2023 Huawei Device Co., Ltd.
 * Licensed under the Apache License, Version 2.0 (the "License");
 * you may not use this file except in compliance with the License.
 * You may obtain a copy of the License at
 *
 *     http://www.apache.org/licenses/LICENSE-2.0
 *
 * Unless required by applicable law or agreed to in writing, software
 * distributed under the License is distributed on an "AS IS" BASIS,
 * WITHOUT WARRANTIES OR CONDITIONS OF ANY KIND, either express or implied.
 * See the License for the specific language governing permissions and
 * limitations under the License.
 */
import { m2 as d3, q2 as e3, v2 } from './name_as_export_api_1';
import { q2, u2 as n2 } from './name_as_export_api_1';
export { u2 as n3 } from './name_as_export_api_1';
export { o2 } from './name_as_export_api_1';
import { l2 } from './name_as_export_api_1';
import { b4 as f3 } from './json5';
import { c4 as g3 } from 'json5';
import { h3 } from './json5';
import { i3 } from 'json5';
l2();
d3();
let j3 = new e3();
let l3 = new f3();
let m3 = new g3();
function publicFoo1() {
    const a4 = 1;
}
function publicFoo2() {
    const z3 = 1;
}
function b3() {
    const y3 = 1;
}
function publicFoo4() {
    const x3 = 1;
}
function c3() {
    const o3 = f3;
    const p3 = f3.u1;
    const q3 = g3;
    const r3 = g3.v1;
    const s3 = h3;
    const t3 = h3.w1;
    const u3 = i3;
    const v3 = i3.m1;
    const w3 = 1;
}
