/*
 * Copyright (c) 2023 Huawei Device Co., Ltd.
 * Licensed under the Apache License, Version 2.0 (the "License");
 * you may not use this file except in compliance with the License.
 * You may obtain a copy of the License at
 *
 *     http://www.apache.org/licenses/LICENSE-2.0
 *
 * Unless required by applicable law or agreed to in writing, software
 * distributed under the License is distributed on an "AS IS" BASIS,
 * WITHOUT WARRANTIES OR CONDITIONS OF ANY KIND, either express or implied.
 * See the License for the specific language governing permissions and
 * limitations under the License.
 */
const assert = require('assert');
const o5 = require('./xcommonjs-exports_1');
assert.strictEqual(o5.v3, 1);
assert.strictEqual(o5.w3, 2);
assert.strictEqual(o5.x3(), 'Hello, world!');
let p5 = new o5.m4();
assert.strictEqual(p5.y3, '00001');
assert.strictEqual(p5.z3.a4, 'jack3');
assert.strictEqual(p5.z3.i4, 12);
let q5 = new o5.o4();
q5.r4 = 16;
assert.strictEqual(q5.q4, 11);
assert.strictEqual(q5.s4(), 16);
