/*
 * Copyright (c) 2023 Huawei Device Co., Ltd.
 * Licensed under the Apache License, Version 2.0 (the "License");
 * you may not use this file except in compliance with the License.
 * You may obtain a copy of the License at
 *
 *     http://www.apache.org/licenses/LICENSE-2.0
 *
 * Unless required by applicable law or agreed to in writing, software
 * distributed under the License is distributed on an "AS IS" BASIS,
 * WITHOUT WARRANTIES OR CONDITIONS OF ANY KIND, either express or implied.
 * See the License for the specific language governing permissions and
 * limitations under the License.
 */
let m5 = 1;
exports.v3 = m5;
exports.w3 = 2;
exports.x3 = function () {
    return 'Hello, world!';
};
class m4 {
    y3 = '00001';
    z3 = { a4: 'jack3', i4: 12 };
}
exports.m4 = m4;
exports.o4 = class {
    q4 = 11;
    r4 = 15;
    s4() {
        return this.r4;
    }
};
