/*
 * Copyright (c) 2024 Huawei Device Co., Ltd.
 * Licensed under the Apache License, Version 2.0 (the "License");
 * you may not use this file except in compliance with the License.
 * You may obtain a copy of the License at
 *
 *     http://www.apache.org/licenses/LICENSE-2.0
 *
 * Unless required by applicable law or agreed to in writing, software
 * distributed under the License is distributed on an "AS IS" BASIS,
 * WITHOUT WARRANTIES OR CONDITIONS OF ANY KIND, either express or implied.
 * See the License for the specific language governing permissions and
 * limitations under the License.
 */
import assert from "assert";
import { h, i, j, k } from './export_declaration_01';
import { l } from './export_declaration_01';
import { m, o, p, q, t, u } from './export_declaration_01';
assert(h() === 1);
const v = i();
assert(v.next().value === 1);
assert(v.next().value === 2);
async function g() {
    assert(await j() === 3);
    assert((await k().next()).value === 4);
}
g();
let a1 = new l();
assert(a1.b1 === 'hello');
assert(m === 1);
assert(o === 2);
assert(p === 3);
assert(q === 4);
assert(t === 5);
assert(u === 6);
