import assert from "assert";
class o {
    m1: number = 1;
    n1(): string {
        return 'c1';
    }
}
class p extends o {
    o1: number = 2;
}
module i1 {
    export class C3 {
        prop_c3: number = 3;
        method_c31(): number {
            return 31;
        }
        method_c32(): number {
            return 32;
        }
    }
    class m1 extends i1.C3 {
        method_c32(): number {
            return 42;
        }
    }
    let n1 = new m1();
    assert(n1.method_c31() === 31);
    assert(n1.method_c32() === 42);
}
let j1 = new o();
assert(j1.n1() === 'c1');
let q = new p();
assert(q.o1 === 2);
let l1 = new i1.C3();
assert(l1.method_c31() === 31);
assert(l1.method_c32() === 32);
