/*
 * Copyright (c) 2024 Huawei Device Co., Ltd.
 * Licensed under the Apache License, Version 2.0 (the "License");
 * you may not use this file except in compliance with the License.
 * You may obtain a copy of the License at
 *
 *     http://www.apache.org/licenses/LICENSE-2.0
 *
 * Unless required by applicable law or agreed to in writing, software
 * distributed under the License is distributed on an "AS IS" BASIS,
 * WITHOUT WARRANTIES OR CONDITIONS OF ANY KIND, either express or implied.
 * See the License for the specific language governing permissions and
 * limitations under the License.
 */
import v from 'assert';
import { w } from './export_namespace_export_01';
import y, { c, a, d, g, i, t } from './export_name_export';
v(w.reduce(3, 1) === 2);
v(y([2, 4, 6]) === 6);
v(c === 1);
v(a(4, 1) === 3);
let z = new d();
v(z.getAge === 1);
v(g(4, 1) === 5);
let a1 = new i(3);
v(a1.doubleProp1() === 6);
v(t([1, 2, 3, 4, 5, 6]).toString() === "2,4,6");
