/*
 * Copyright (c) 2024 Huawei Device Co., Ltd.
 * Licensed under the Apache License, Version 2.0 (the "License");
 * you may not use this file except in compliance with the License.
 * You may obtain a copy of the License at
 *
 *     http://www.apache.org/licenses/LICENSE-2.0
 *
 * Unless required by applicable law or agreed to in writing, software
 * distributed under the License is distributed on an "AS IS" BASIS,
 * WITHOUT WARRANTIES OR CONDITIONS OF ANY KIND, either express or implied.
 * See the License for the specific language governing permissions and
 * limitations under the License.
 */
export declare namespace u {
    function foo1(): void;
    class className1 {
        k: number;
    }
    interface j {
    }
}
export declare namespace v {
    export function foo2(): void;
    export class className2 {
        l: number;
        m: i1 | undefined;
    }
    interface i1 {
    }
    export interface j1 {
    }
    export {};
}
export declare namespace a1 {
    function foo3(): void;
    class className3 {
        o: number;
        m: j | undefined;
    }
    interface j {
    }
}
export declare namespace b1 {
    function foo4(): void;
    class className4 {
        [p]: number;
    }
}
export declare namespace c1 {
    function foo5(): void;
    class className5 {
        [`55`]: string;
    }
    interface h1 {
    }
}
export declare namespace d1 {
    function foo12(): void;
    class className12 {
        ['12']: string;
    }
    interface g1 {
    }
}
export declare namespace e1 {
    function foo6(): void;
    class className6 {
        #t;
    }
    interface f1 {
    }
}
