                           1..toString(); 1.0.toString(); 1. + 2.0 + 3.; var n: number = 1; var o = n.toString(); var p = 3..toString(); var q = 3..toString(); var r = 3..toString(); var s = 3.['toString'](); var t = 3 .toString(); var u = new Number(4).toString(); var v = 3. + 3.; var w = 0 .toString(); var x = 3. .toString(); var y = 3   .toString(); var z = 3   .toString(); var a1 = 3 .toString(); var b1 = 3.   .toString(); var c1 = 3   .toString(); var d1 = 3.   .toString(); var e1 = 3   .toString(); var f1 = 3.   .toString(); 