/*
 * Copyright (c) 2024 Huawei Device Co., Ltd.
 * Licensed under the Apache License, Version 2.0 (the "License");
 * you may not use this file except in compliance with the License.
 * You may obtain a copy of the License at
 *
 *     http://www.apache.org/licenses/LICENSE-2.0
 *
 * Unless required by applicable law or agreed to in writing, software
 * distributed under the License is distributed on an "AS IS" BASIS,
 * WITHOUT WARRANTIES OR CONDITIONS OF ANY KIND, either express or implied.
 * See the License for the specific language governing permissions and
 * limitations under the License.
 */
import * as test from "./j/y";
import { xx1 } from "@bundle:com.example.myapplication/entry/z/a1/b1";
import { yy1 } from "@bundle:com.example.myapplication/entry/z/a1/c1";
import xx2 from "@native:system.app";
import { xx3 } from "@bundle:com.example.myapplication/share_library/d1";
import u from "@package:pkg_modules/.ohpm/json5@2.2.3/pkg_modules/json5/dist/index";
import { xx4 } from "@bundle:com.example.myapplication/entry@library_test/d1";
export { Actor } from "./j/y";
