import assert from "assert";
class v {
    b1 = 5;
    constructor(public c1: number, private d1: string, protected e1: boolean, readonly f1: number, b1: string) {
        b1 = b1 + 1;
        let c1 = c1;
        let d1 = d1;
        let e1 = e1;
        let f1 = f1;
        this.b1 = f1;
    }
}
let a1 = new v(1, '2', false, 4, '5');
assert(a1.b1 === 4);
