import assert from 'assert';
let a = 1;
let b = 2;
let c = 3;
let x1 = () => { };
assert(x1() === undefined);
let x2 = () => 1 ? 2 : 3;
assert(x2() === 2);
let d = () => a ? b : c;
assert(d() === 2);
let g = ([]) => 1 ? 2 : 3;
assert(g([]) === 2);
let e = ([]) => a ? b : c;
assert(e([]) === 2);
let h = (...v: any): any => v;
assert(h(1, 2, 3)[0] === 1);
let i = () => { 1 ? 2 : 3; };
assert(i() === undefined);
let f = () => { a ? b : c; };
assert(f() === undefined);
let j = ([]) => { 1 ? 2 : 3; };
assert(j([]) === undefined);
let k = ([]) => { a ? b : c; };
assert(k([]) === undefined);
