/*
 * Copyright (c) 2024 Huawei Device Co., Ltd.
 * Licensed under the Apache License, Version 2.0 (the "License");
 * you may not use this file except in compliance with the License.
 * You may obtain a copy of the License at
 *
 *     http://www.apache.org/licenses/LICENSE-2.0
 *
 * Unless required by applicable law or agreed to in writing, software
 * distributed under the License is distributed on an "AS IS" BASIS,
 * WITHOUT WARRANTIES OR CONDITIONS OF ANY KIND, either express or implied.
 * See the License for the specific language governing permissions and
 * limitations under the License.
 */
class d1 {
    o: number = 0;
    t: number = 0;
}
let e1: Array<d1> = [{ o: 1, t: 2 }, { o: 3, t: 4 }];
function c1() {
    for (let { o: f1, t: g1 } of e1) {
        console.log("x = ", f1, "y = ", g1);
    }
}
c1();
