/*
 * Copyright (c) 2024 Huawei Device Co., Ltd.
 * Licensed under the Apache License, Version 2.0 (the "License");
 * you may not use this file except in compliance with the License.
 * You may obtain a copy of the License at
 *
 *     http://www.apache.org/licenses/LICENSE-2.0
 *
 * Unless required by applicable law or agreed to in writing, software
 * distributed under the License is distributed on an "AS IS" BASIS,
 * WITHOUT WARRANTIES OR CONDITIONS OF ANY KIND, either express or implied.
 * See the License for the specific language governing permissions and
 * limitations under the License.
 */
import b from "assert";
import { c, d, e, f } from './export_declaration_01';
import { g } from './export_declaration_01';
import { h, i, j, k, l, m } from './export_declaration_01';
b(c() === 1);
const n = d();
b(n.next().value === 1);
b(n.next().value === 2);
async function a() {
    b(await e() === 3);
    b((await f().next()).value === 4);
}
a();
let o = new g();
b(o.prop === 'hello');
b(h === 1);
b(i === 2);
b(j === 3);
b(k === 4);
b(l === 5);
b(m === 6);
