/*
 * Copyright (c) 2024 Huawei Device Co., Ltd.
 * Licensed under the Apache License, Version 2.0 (the "License");
 * you may not use this file except in compliance with the License.
 * You may obtain a copy of the License at
 *
 *     http://www.apache.org/licenses/LICENSE-2.0
 *
 * Unless required by applicable law or agreed to in writing, software
 * distributed under the License is distributed on an "AS IS" BASIS,
 * WITHOUT WARRANTIES OR CONDITIONS OF ANY KIND, either express or implied.
 * See the License for the specific language governing permissions and
 * limitations under the License.
 */
/**
 * Toplevel: var1, TestFunction, TestClass, TestNs, TestType, TestInterface, top1, top2
 * Export: b1, a1, c1, d1, e1
 * Expect toplevel elements to avoid being obfuscated as l1, k1, m1, n1, o1, since they're export elements
 */
import { b1 as q1, a1 as r1, c1 as s1, d1 as t1, e1 as u1 } from './toplevel_import_test2';
let v1 = 1;
function p1(): void { }
class w1 {
}
namespace x1 { }
type y1 = {};
interface z1 {
}
let a2 = 1;
namespace b2 { }
