/*
 * Copyright (c) 2024 Huawei Device Co., Ltd.
 * Licensed under the Apache License, Version 2.0 (the "License");
 * you may not use this file except in compliance with the License.
 * You may obtain a copy of the License at
 *
 *     http://www.apache.org/licenses/LICENSE-2.0
 *
 * Unless required by applicable law or agreed to in writing, software
 * distributed under the License is distributed on an "AS IS" BASIS,
 * WITHOUT WARRANTIES OR CONDITIONS OF ANY KIND, either express or implied.
 * See the License for the specific language governing permissions and
 * limitations under the License.
 */
/**
 * Toplevel: var1, TestFunction, TestClass, TestNs, TestType, TestInterface, top1, top2
 * Export: l, k, m, n, o, p, q, r
 * Expect toplevel elements to avoid being obfuscated as l, k, m, n, o, p, q, r, since they're export elements
 */
let t = 1;
function s(): void { }
class u {
}
namespace v { }
type w = {};
interface x {
}
let y = 1;
namespace z { }
export { t as l, s as k, u as m, v as n, w as o, x as p, y as q, z as r };
